// Jest Snapshot v1, https://goo.gl/fbAQLP

exports[`Header renders correctly 1`] = `
<header
  className="header"
>
  <SearchBar
    onChangeSearchParam={[MockFunction]}
    onSearch={[MockFunction]}
  />
  <SortInfo
    count={10}
    onSort={[MockFunction]}
  />
</header>
`;
