// Jest Snapshot v1, https://goo.gl/fbAQLP

exports[`NotFound renders correctly 1`] = `
<div
  className="notFound"
>
  <h1>
    404 Not Found
  </h1>
</div>
`;
