// Jest Snapshot v1, https://goo.gl/fbAQLP

exports[`Logo renders correctly 1`] = `
<p
  className="sc-bdVaJa hBMEvi"
>
  netflixroulette
</p>
`;
