// Jest Snapshot v1, https://goo.gl/fbAQLP

exports[`Loading renders correctly 1`] = `
<div
  className="sc-bdVaJa emJJEn"
>
  <ReactLoading
    color="deepSkyBlue"
    type="spinningBubbles"
  />
</div>
`;
