// Jest Snapshot v1, https://goo.gl/fbAQLP

exports[`ErrorBoundary renders correctly without errors 1`] = `
<div>
  Some data
</div>
`;
